 WARN  Unsupported engine: wanted: {"node":"^24.x"} (current: {"node":"v22.22.1","pnpm":"10.30.3"})

> agent-library@0.2.0 build /app
> prisma generate --no-engine && bun exec next build

Loaded Prisma config from prisma.config.ts.

Prisma config detected, skipping environment variable loading.
Prisma schema loaded from prisma/schema.prisma
┌─────────────────────────────────────────────────────────┐
│  Update available 6.19.2 -> 7.9.1                       │
│                                                         │
│  This is a major update - please follow the guide at    │
│  https://pris.ly/d/major-version-upgrade                │
│                                                         │
│  Run the following to update                            │
│    npm i --save-dev prisma@latest                       │
│    npm i @prisma/client@latest                          │
└─────────────────────────────────────────────────────────┘

✔ Generated Prisma Client (v6.19.2, engine=none) to ./node_modules/.pnpm/@prisma+client@6.19.2_prisma@6.19.2_magicast@0.3.5_typescript@5.9.3__typescript@5.9.3/node_modules/@prisma/client in 258ms

Start by importing your Prisma Client (See: https://pris.ly/d/importing-client)

Tip: Interested in query caching in just a few lines of code? Try Accelerate today! https://pris.ly/tip-3-accelerate

▲ Next.js 16.2.12 (Turbopack)
- Local:         http://localhost:3000
- Network:       http://192.168.0.2:3000
✓ Ready in 577ms
Attention: Next.js now collects completely anonymous telemetry regarding usage.
This information is used to shape Next.js' roadmap and prioritize features.
You can learn more, including how to opt-out if you'd not like to participate in this anonymous program, by visiting the following URL:
https://nextjs.org/telemetry

- Experiments (use with caution):
  · clientTraceMetadata
  · serverActions
